node.exe : FAIL package
s/solver-core/__tests__
/solver.test.ts (7.484 
s)
At line:1 char:1
+ & "C:\Program 
Files\nodejs/node.exe" 
"C:\Program 
Files\nodejs/node_mo 
...
+ ~~~~~~~~~~~~~~~~~~~~~
~~~~~~~~~~~~~~~~~~~~~~~
~~~~~~~~~~~~~~~~~~~~~~~
~~
    + CategoryInfo     
         : NotSpecifi  
  ed: (FAIL packages   
 /s...st.ts (7.484     
s):String) [], Rem    
oteException
    + FullyQualifiedEr 
   rorId : NativeComm  
  andError
 
  tokenizer
    GÍ‹ tokenizes a 
simple addition 
expression (2 ms)
    GÍ‹ 
auto-uppercases 
lowercase input
    GÍ‹ rejects 
invalid characters (13 
ms)
    GÍ‹ rejects empty 
input (1 ms)
    GÍ‹ tokenizes 
multiplication 
expression
  parser
    GÍ‹ parses SEND + 
MORE = MONEY (1 ms)
    +˘ rejects missing 
equals (9 ms)
    GÍ‹ rejects mixed 
operators (1 ms)
    GÍ‹ rejects > 10 
unique letters
    GÍ‹ extracts 
leading letters 
correctly
    GÍ‹ handles three 
operands
  solver G«ˆ SEND + 
MORE = MONEY
    GÍ‹ solves 
correctly with 
brute-force (312 ms)
    GÍ‹ solves 
correctly with 
backtracking (1199 ms)
    GÍ‹ solves 
correctly with hybrid 
(1211 ms)
    GÍ‹ solves 
correctly with ac3 
(1234 ms)
  solver G«ˆ edge cases
    GÍ‹ single-letter 
operands: A + B = C (2 
ms)
    GÍ‹ puzzle with no 
solution returns 
success: false (1 ms)
    GÍ‹ multi-solution 
puzzle discovers 
multiple solutions
    GÍ‹ invalid 
expression returns 
error (1 ms)
    GÍ‹ leading 
letters are never zero 
(50 ms)
  solver G«ˆ 
performance
    GÍ‹ SEND + MORE = 
MONEY solves in < 
2000ms (hybrid) (1213 
ms)
    GÍ‹ returns valid 
stats (1232 ms)

  G˘≈ parser G«¶ 
rejects missing equals

    expect(received).to
Throw(expected)

    Expected 
substring: "Missing 
\"=\""
    Received message:  
 "Incomplete 
expression. Expected 
format: WORD + WORD = 
RESULT"

        [0m [90m 23 
|[39m     [90m// 
Must have at least: 
WORD OP WORD = WORD  
(5 tokens)[39m
         [90m 24 
|[39m     
[36mif[39m (tokens[3
3m.[39mlength 
[33m<[39m 
[35m5[39m) {
        [31m[1m>[22m
[39m[90m 25 |[39m   
      [36mthrow[39m 
[36mnew[39m 
[33mError[39m(
         [90m    
|[39m               
[31m[1m^[22m[39m
         [90m 26 
|[39m             
[32m'Incomplete 
expression. Expected 
format: WORD + WORD = 
RESULT'[39m
         [90m 27 
|[39m         
)[33m;[39m
         [90m 28 
|[39m     }[0m

      at parsePuzzle 
(src/parser.ts:25:15)
      at __tests__/solv
er.test.ts:56:33
      at 
Object.<anonymous> (../
../node_modules/expect/
build/toThrowMatchers.j
s:74:11)
      at 
Object.throwingMatcher 
[as toThrow] (../../nod
e_modules/expect/build/
index.js:320:21)
      at 
Object.<anonymous> (__t
ests__/solver.test.ts:5
6:50)
      at 
Object.<anonymous> (__t
ests__/solver.test.ts:5
6:50)

Test Suites: 1 failed, 
1 total
Tests:       1 failed, 
21 passed, 22 total
Snapshots:   0 total
Time:        7.662 s
Ran all test suites.

